// Jest Snapshot v1, https://goo.gl/fbAQLP

exports[`Given an App component When it's rendered and gets snapshotted Then it should show a show a snapshot of App 1`] = `
<div
  className="sc-bczRLJ iZsZhA"
>
  <div
    className="sc-hKMtZM bXbRhA form-container"
  >
    <h2
      className="form-container__title"
    >
      Create Your Robot
    </h2>
    <form
      autoComplete="off"
      className="form-container__form"
      noValidate={true}
      onSubmit={[Function]}
    >
      <div
        className="form-container__item-container"
      >
        <label
          className="form-container__item-label"
          htmlFor="name"
        >
          Name:
           
        </label>
        <input
          className="form-container__item"
          id="name"
          onChange={[Function]}
          required={true}
          type="text"
          value=""
        />
      </div>
      <div
        className="form-container__item-container"
      >
        <label
          className="form-container__item-label"
          htmlFor="image"
        >
          Image:
           
        </label>
        <input
          className="form-container__item"
          id="image"
          onChange={[Function]}
          required={true}
          type="url"
          value=""
        />
      </div>
      <div
        className="form-container__item-container"
      >
        <label
          className="form-container__item-label"
          htmlFor="speed"
        >
          Speed:
           
        </label>
        <input
          className="form-container__item"
          id="speed"
          max={10}
          min={1}
          onChange={[Function]}
          required={true}
          type="number"
          value={0}
        />
      </div>
      <div
        className="form-container__item-container"
      >
        <label
          className="form-container__item-label"
          htmlFor="image"
        >
          Strength:
           
        </label>
        <input
          className="form-container__item"
          id="strength"
          max={10}
          min={1}
          onChange={[Function]}
          required={true}
          type="number"
          value={0}
        />
      </div>
      <div
        className="form-container__item-container"
      >
        <label
          className="form-container__item-label"
          htmlFor="creationDate"
        >
          Creation Date:
           
        </label>
        <input
          className="form-container__item"
          id="creationDate"
          onChange={[Function]}
          type="date"
          value=""
        />
      </div>
      <button
        className="form-container__button"
        disabled={true}
        type="submit"
      >
        Create
      </button>
    </form>
  </div>
  <ul
    className="sc-dkzDqf eRMssT card-list"
  >
    <li
      className="card-list__item"
    >
      <div
        className="sc-gsnTZi ktktXK robot-container"
      >
        <div
          className="robot-container__image-container"
        >
          <img
            alt="It's just a robot named "
            className="robot-container__image"
            height={150}
            src=""
          />
        </div>
        <div
          className="robot-container__info-container"
        >
          <h2
            className="robot-container__name"
          />
          <ul
            className="robot-container__statistics-list"
          >
            <li
              className="robot-container__statistic-container"
            >
              <h3
                className="robot-container__statistic"
              >
                Speed: 
              </h3>
              <span
                className="robot-container__statistic-value"
              >
                1
              </span>
            </li>
            <li
              className="robot-container__statistic-container"
            >
              <h3
                className="robot-container__statistic"
              >
                Strength: 
              </h3>
              <span
                className="robot-container__statistic-value"
              >
                1
              </span>
            </li>
            <li
              className="robot-container__statistic-container"
            >
              <h3
                className="robot-container__statistic"
              >
                Creation Date: 
              </h3>
              <span
                className="robot-container__statistic-value"
              />
            </li>
          </ul>
        </div>
      </div>
    </li>
  </ul>
</div>
`;
